Traceback (most recent call last):
  File "/tmp/check_builds.py", line 7, in <module>
    lp = Launchpad.login_with('martian-ppa', 'production', version='devel', credential_store=store)
         ^^^^^^^^^^^^^^^^^^^^^^^^^^^^^^^^^^^^^^^^^^^^^^^^^^^^^^^^^^^^^^^^^^^^^^^^^^^^^^^^^^^^^^^^^^
  File "/usr/lib/python3/dist-packages/launchpadlib/launchpad.py", line 700, in login_with
    return cls._authorize_token_and_login(
           ^^^^^^^^^^^^^^^^^^^^^^^^^^^^^^^
  File "/usr/lib/python3/dist-packages/launchpadlib/launchpad.py", line 464, in _authorize_token_and_login
    return cls(
           ^^^^
  File "/usr/lib/python3/dist-packages/launchpadlib/launchpad.py", line 230, in __init__
    super(Launchpad, self).__init__(
  File "/usr/lib/python3/dist-packages/lazr/restfulclient/resource.py", line 511, in __init__
    self._wadl = self._browser.get_wadl_application(self._root_uri)
                 ^^^^^^^^^^^^^^^^^^^^^^^^^^^^^^^^^^^^^^^^^^^^^^^^^^
  File "/usr/lib/python3/dist-packages/lazr/restfulclient/_browser.py", line 502, in get_wadl_application
    response, content = self._request(url, media_type=wadl_type)
                        ^^^^^^^^^^^^^^^^^^^^^^^^^^^^^^^^^^^^^^^^
  File "/usr/lib/python3/dist-packages/lazr/restfulclient/_browser.py", line 441, in _request
    response, content = self._request_and_retry(
                        ^^^^^^^^^^^^^^^^^^^^^^^^
  File "/usr/lib/python3/dist-packages/lazr/restfulclient/_browser.py", line 400, in _request_and_retry
    response, content = self._connection.request(
                        ^^^^^^^^^^^^^^^^^^^^^^^^^
  File "/usr/lib/python3/dist-packages/httplib2/__init__.py", line 1700, in request
    (response, new_content) = self._request(
                              ^^^^^^^^^^^^^^
  File "/usr/lib/python3/dist-packages/launchpadlib/launchpad.py", line 144, in _request
    response, content = super(LaunchpadOAuthAwareHttp, self)._request(
                        ^^^^^^^^^^^^^^^^^^^^^^^^^^^^^^^^^^^^^^^^^^^^^^
  File "/usr/lib/python3/dist-packages/lazr/restfulclient/_browser.py", line 204, in _request
    return super(RestfulHttp, self)._request(
           ^^^^^^^^^^^^^^^^^^^^^^^^^^^^^^^^^^
  File "/usr/lib/python3/dist-packages/httplib2/__init__.py", line 1452, in _request
    (response, content) = self._conn_request(conn, request_uri, method, body, headers)
                          ^^^^^^^^^^^^^^^^^^^^^^^^^^^^^^^^^^^^^^^^^^^^^^^^^^^^^^^^^^^^
  File "/usr/lib/python3/dist-packages/httplib2/__init__.py", line 1433, in _conn_request
    content = response.read()
              ^^^^^^^^^^^^^^^
  File "/usr/lib/python3.12/http/client.py", line 478, in read
    return self._read_chunked(amt)
           ^^^^^^^^^^^^^^^^^^^^^^^
  File "/usr/lib/python3.12/http/client.py", line 600, in _read_chunked
    while (chunk_left := self._get_chunk_left()) is not None:
                         ^^^^^^^^^^^^^^^^^^^^^^
  File "/usr/lib/python3.12/http/client.py", line 584, in _get_chunk_left
    chunk_left = self._read_next_chunk_size()
                 ^^^^^^^^^^^^^^^^^^^^^^^^^^^^
  File "/usr/lib/python3.12/http/client.py", line 544, in _read_next_chunk_size
    line = self.fp.readline(_MAXLINE + 1)
           ^^^^^^^^^^^^^^^^^^^^^^^^^^^^^^
  File "/usr/lib/python3.12/socket.py", line 707, in readinto
    return self._sock.recv_into(b)
           ^^^^^^^^^^^^^^^^^^^^^^^
  File "/usr/lib/python3.12/ssl.py", line 1252, in recv_into
    return self.read(nbytes, buffer)
           ^^^^^^^^^^^^^^^^^^^^^^^^^
  File "/usr/lib/python3.12/ssl.py", line 1104, in read
    return self._sslobj.read(len, buffer)
           ^^^^^^^^^^^^^^^^^^^^^^^^^^^^^^
KeyboardInterrupt
